{
  "state": "ready",
  "data": {
    "header": ["EDEKA", "Wir Lebensmittel", "Edeka Fi1. 2129"],
    "address": {
      "street": "Grauhorststr. 1",
      "city": "38440 Wolfsburg"
    },
    "phone": null,
    "date": "2019-02-21T23:00:00.000Z",
    "time": {
      "hour": 16,
      "minute": 58,
      "second": 57
    },
    "amount": {
      "value": 8.32,
      "currency": "EUR"
    },
    "paymentMethod": "CREDIT",
    "timestamp": "2019-02-22T15:58:57.000Z"
  }
}
