{
  "data": {
    "address": {
      "city": "38302 Wolfenb√ºttel",
      "street": "Danziger Str. 14"
    },
    "amount": {
      "currency": "EUR",
      "value": 27.87
    },
    "date": "2017-09-26T22:00:00.000Z",
    "header": ["Akazien-Apotheke oHG", "Uta und Thomas Eckert"],
    "paymentMethod": "DEBIT",
    "phone": "05331/72817",
    "time": {
      "hour": 17,
      "minute": 16,
      "second": null
    },
    "timestamp": "2017-09-27T15:16:00.000Z"
  },
  "state": "ready"
}
