{
  "state": "ready",
  "data": {
    "header": ["Cinemaxx Entertainment", "CxX Göttingen"],
    "address": {
      "street": "Bahnhofsallee 3",
      "city": "37081 Göttingen"
    },
    "phone": null,
    "date": "2018-05-22T22:00:00.000Z",
    "time": {
      "hour": 19,
      "minute": 47,
      "second": 44
    },
    "amount": {
      "value": 11.1,
      "currency": "EUR"
    },
    "paymentMethod": "DEBIT",
    "timestamp": "2018-05-23T17:47:44.000Z"
  }
}
