{
  "data": {
    "address": {
      "city": "01169 Dresden",
      "street": "Schweizer Str. 2"
    },
    "amount": {
      "currency": "EUR",
      "value": 19.5
    },
    "date": "2016-12-07T23:00:00.000Z",
    "header": ["FIGAR0 Dresden e G", "Salon Schweizer Strasse"],
    "paymentMethod": "DEBIT",
    "phone": "0351-47 11 295",
    "time": {
      "hour": 11,
      "minute": 56,
      "second": null
    },
    "timestamp": "2016-12-08T10:56:00.000Z"
  },
  "state": "ready"
}
