{
  "data": {
    "address": {
      "city": "38300 Wolfenb√ºttel",
      "street": "Kornmarkt 15"
    },
    "amount": {
      "currency": "EUR",
      "value": 8.97
    },
    "date": "2017-09-27T22:00:00.000Z",
    "header": ["Fleischerei Frank Heine"],
    "paymentMethod": null,
    "phone": "05331/2818",
    "time": {
      "hour": 15,
      "minute": 46,
      "second": null
    },
    "timestamp": "2017-09-28T13:46:00.000Z"
  },
  "state": "ready"
}
