{
  "state": "ready",
  "data": {
    "header": ["MedlaMarkt", "MEDIA MARKT WOLFSBURG", "TV-HIFI ELEKTRO Gmbh"],
    "address": {
      "street": "Brandgehaege 3",
      "city": "38444 WOLFSBURG"
    },
    "phone": "05308-701",
    "date": "2019-03-15T23:00:00.000Z",
    "time": {
      "hour": 17,
      "minute": 18,
      "second": 38
    },
    "amount": {
      "value": 34.9,
      "currency": "EUR"
    },
    "paymentMethod": "CREDIT",
    "timestamp": "2019-03-16T16:18:38.000Z"
  }
}
