{
  "data": {
    "address": {
      "city": "38440 Wolfsburg",
      "street": "Porschestr. 32"
    },
    "amount": {
      "currency": "EUR",
      "value": 28.8
    },
    "date": "2017-08-27T22:00:00.000Z",
    "header": ["Sausalitos Holding GmbH", "Betrieb Wolfsburg"],
    "paymentMethod": "CREDIT",
    "phone": null,
    "time": {
      "hour": 20,
      "minute": 33,
      "second": null
    },
    "timestamp": "2017-08-28T18:33:00.000Z"
  },
  "state": "ready"
}
